// Jest Snapshot v1, https://goo.gl/fbAQLP

exports[`Field Component matches snapshot 1`] = `
<div>
  <input
    class="bg-red-500 w-full rounded-lg border-2 border-black p-2"
    name=""
    placeholder="Digite seu nome"
    type="text"
  />
</div>
`;
